o `__imp_setsockopt'
/usr/bin/x86_64-w64-mingw32-ld: /tmp/go-build/windows_openssl_crypto_bio_b_sock2.cgo2.c:256:(.text+0x60e): undefined reference to `__imp_WSAGetLastError'
/usr/bin/x86_64-w64-mingw32-ld: /tmp/go-build/windows_openssl_crypto_bio_b_sock2.cgo2.c:240:(.text+0x662): undefined reference to `__imp_WSAGetLastError'
/usr/bin/x86_64-w64-mingw32-ld: /tmp/go-link-3624876292/000120.o: in function `BIO_accept_ex':
/tmp/go-build/windows_openssl_crypto_bio_b_sock2.cgo2.c:290:(.text+0x6e5): undefined reference to `__imp_accept'
/usr/bin/x86_64-w64-mingw32-ld: /tmp/go-build/windows_openssl_crypto_bio_b_sock2.cgo2.c:301:(.text+0x72a): undefined reference to `__imp_closesocket'
/usr/bin/x86_64-w64-mingw32-ld: /tmp/go-build/windows_openssl_crypto_bio_b_sock2.cgo2.c:294:(.text+0x732): undefined reference to `__imp_WSAGetLastError'
/usr/bin/x86_64-w64-mingw32-ld: /tmp/go-link-3624876292/000120.o: in function `BIO_closesocket':
/tmp/go-build/windows_openssl_crypto_bio_b_sock2.cgo2.c:314:(.text+0x789): undefined reference to `__imp_closesocket'
/usr/bin/x86_64-w64-mingw32-ld: /tmp/go-link-3624876292/000129.o: in function `acpt_state':
/tmp/go-build/windows_openssl_crypto_bio_bss_acpt.cgo2.c:229:(.text+0x39d): undefined reference to `__imp_WSAGetLastError'
/usr/bin/x86_64-w64-mingw32-ld: /tmp/go-link-3624876292/000129.o: in function `acpt_close_socket':
/tmp/go-build/windows_openssl_crypto_bio_bss_acpt.cgo2.c:125:(.text+0x7a7): undefined reference to `__imp_shutdown'
/usr/bin/x86_64-w64-mingw32-ld: /tmp/go-build/windows_openssl_crypto_bio_bss_acpt.cgo2.c:126:(.text+0x7b1): undefined reference to `__imp_closesocket'
/usr/bin/x86_64-w64-mingw32-ld: /tmp/go-build/windows_openssl_crypto_bio_bss_acpt.cgo2.c:125:(.text+0xb37): undefined reference to `__imp_shutdown'
/usr/bin/x86_64-w64-mingw32-ld: /tmp/go-build/windows_openssl_crypto_bio_bss_acpt.cgo2.c:126:(.text+0xb41): undefined reference to `__imp_closesocket'
/usr/bin/x86_64-w64-mingw32-ld: /tmp/go-link-3624876292/000131.o: in function `conn_state':
/tmp/go-build/windows_openssl_crypto_bio_bss_conn.cgo2.c:174:(.text+0x402): undefined reference to `__imp_WSAGetLastError'
/usr/bin/x86_64-w64-mingw32-ld: /tmp/go-build/windows_openssl_crypto_bio_bss_conn.cgo2.c:142:(.text+0x492): undefined reference to `__imp_WSAGetLastError'
/usr/bin/x86_64-w64-mingw32-ld: /tmp/go-link-3624876292/000131.o: in function `conn_write':
/tmp/go-build/windows_openssl_crypto_bio_bss_conn.cgo2.c:347:(.text+0x5a9): undefined reference to `__imp_WSASetLastError'
/usr/bin/x86_64-w64-mingw32-ld: /tmp/go-build/windows_openssl_crypto_bio_bss_conn.cgo2.c:348:(.text+0x5bc): undefined reference to `__imp_send'
/usr/bin/x86_64-w64-mingw32-ld: /tmp/go-link-3624876292/000131.o: in function `conn_read':
/home/runner/go/pkg/mod/github.com/spicicpein/go-libtor@v1.2.1-0.20260722060237-8ac7fa38eca9/libtor/../windows/openssl/include/../crypto/bio/bss_conn.c:322:(.text+0xa75): undefined reference to `__imp_WSASetLastError'
/usr/bin/x86_64-w64-mingw32-ld: /home/runner/go/pkg/mod/github.com/spicicpein/go-libtor@v1.2.1-0.20260722060237-8ac7fa38eca9/libtor/../windows/openssl/include/../crypto/bio/bss_conn.c:323:(.text+0xa88): undefined reference to `__imp_recv'
/usr/bin/x86_64-w64-mingw32-ld: /tmp/go-link-3624876292/000131.o: in function `conn_close_socket':
/home/runner/go/pkg/mod/github.com/spicicpein/go-libtor@v1.2.1-0.20260722060237-8ac7fa38eca9/libtor/../windows/openssl/include/../crypto/bio/bss_conn.c:285:(.text+0xbd7): undefined reference to `__imp_shutdown'
/usr/bin/x86_64-w64-mingw32-ld: /tmp/go-link-3624876292/000132.o: in function `dgram_ctrl':
/home/runner/go/pkg/mod/github.com/spicicpein/go-libtor@v1.2.1-0.20260722060237-8ac7fa38eca9/libtor/../windows/openssl/include/../crypto/bio/bss_dgram.c:653:(.text+0x197): undefined reference to `__imp_setsockopt'
/usr/bin/x86_64-w64-mingw32-ld: /home/runner/go/pkg/mod/github.com/spicicpein/go-libtor@v1.2.1-0.20260722060237-8ac7fa38eca9/libtor/../windows/openssl/include/../crypto/bio/bss_dgram.c:759:(.text+0x1fd): undefined reference to `__imp_setsockopt'
/usr/bin/x86_64-w64-mingw32-ld: /home/runner/go/pkg/mod/github.com/spicicpein/go-libtor@v1.2.1-0.20260722060237-8ac7fa38eca9/libtor/../windows/openssl/include/../crypto/bio/bss_dgram.c:680:(.text+0x279): undefined reference to `__imp_getsockopt'
/usr/bin/x86_64-w64-mingw32-ld: /home/runner/go/pkg/mod/github.com/spicicpein/go-libtor@v1.2.1-0.20260722060237-8ac7fa38eca9/libtor/../windows/openssl/include/../crypto/bio/bss_dgram.c:623:(.text+0x309): undefined reference to `__imp_getsockopt'
/usr/bin/x86_64-w64-mingw32-ld: /home/runner/go/pkg/mod/github.com/spicicpein/go-libtor@v1.2.1-0.20260722060237-8ac7fa38eca9/libtor/../windows/openssl/include/../crypto/bio/bss_dgram.c:746:(.text+0x4b3): undefined reference to `__imp_setsockopt'
/usr/bin/x86_64-w64-mingw32-ld: /tmp/go-link-3624876292/000132.o: in function `dgram_write':
/home/runner/go/pkg/mod/github.com/spicicpein/go-libtor@v1.2.1-0.20260722060237-8ac7fa38eca9/libtor/../windows/openssl/include/../crypto/bio/bss_dgram.c:339:(.text+0x59b): undefined reference to `__imp_WSASetLastError'
/usr/bin/x86_64-w64-mingw32-ld: /home/runner/go/pkg/mod/github.com/spicicpein/go-libtor@v1.2.1-0.20260722060237-8ac7fa38eca9/libtor/../windows/openssl/include/../crypto/bio/bss_dgram.c:342:(.text+0x5b5): undefined reference to `__imp_send'
/usr/bin/x86_64-w64-mingw32-ld: /home/runner/go/pkg/mod/github.com/spicicpein/go-libtor@v1.2.1-0.20260722060237-8ac7fa38eca9/libtor/../windows/openssl/include/../crypto/bio/bss_dgram.c:346:(.text+0x60c): undefined reference to `__imp_sendto'
/usr/bin/x86_64-w64-mingw32-ld: /tmp/go-link-3624876292/000132.o: in function `BIO_dgram_should_retry':
/home/runner/go/pkg/mod/github.com/spicicpein/go-libtor@v1.2.1-0.20260722060237-8ac7fa38eca9/libtor/../windows/openssl/include/../crypto/bio/bss_dgram.c:1843:(.text+0x623): undefined reference to `__imp_WSAGetLastError'
/usr/bin/x86_64-w64-mingw32-ld: /tmp/go-link-3624876292/000132.o: in function `dgram_read':
/home/runner/go/pkg/mod/github.com/spicicpein/go-libtor@v1.2.1-0.20260722060237-8ac7fa38eca9/libtor/../windows/openssl/include/../crypto/bio/bss_dgram.c:311:(.text+0x703): undefined reference to `__imp_WSASetLastError'
/usr/bin/x86_64-w64-mingw32-ld: /tmp/go-link-3624876292/000132.o: in function `dgram_adjust_rcv_timeout':
/home/runner/go/pkg/mod/github.com/spicicpein/go-libtor@v1.2.1-0.20260722060237-8ac7fa38eca9/libtor/../windows/openssl/include/../crypto/bio/bss_dgram.c:216:(.text+0x763): undefined reference to `__imp_getsockopt'
/usr/bin/x86_64-w64-mingw32-ld: /home/runner/go/pkg/mod/github.com/spicicpein/go-libtor@v1.2.1-0.20260722060237-8ac7fa38eca9/libtor/../windows/openssl/include/../crypto/bio/bss_dgram.c:261:(.text+0x878): undefined reference to `__imp_setsockopt'
/usr/bin/x86_64-w64-mingw32-ld: /tmp/go-link-3624876292/000132.o: in function `dgram_read':
/home/runner/go/pkg/mod/github.com/spicicpein/go-libtor@v1.2.1-0.20260722060237-8ac7fa38eca9/libtor/../windows/openssl/include/../crypto/bio/bss_dgram.c:316:(.text+0x8cc): undefined reference to `__imp_recvfrom'
/usr/bin/x86_64-w64-mingw32-ld: /tmp/go-link-3624876292/000132.o: in function `dgram_reset_rcv_timeout':
/home/runner/go/pkg/mod/github.com/spicicpein/go-libtor@v1.2.1-0.20260722060237-8ac7fa38eca9/libtor/../windows/openssl/include/../crypto/bio/bss_dgram.c:286:(.text+0x957): undefined reference to `__imp_setsockopt'
/usr/bin/x86_64-w64-mingw32-ld: /tmp/go-link-3624876292/000132.o: in function `BIO_dgram_should_retry':
/home/runner/go/pkg/mod/github.com/spicicpein/go-libtor@v1.2.1-0.20260722060237-8ac7fa38eca9/libtor/../windows/openssl/include/../crypto/bio/bss_dgram.c:1843:(.text+0xa6b): undefined reference to `__imp_WSAGetLastError'
/usr/bin/x86_64-w64-mingw32-ld: /tmp/go-link-3624876292/000138.o: in function `sock_read':
/tmp/go-build/windows_openssl_crypto_bio_bss_sock.cgo2.c:98:(.text+0x249): undefined reference to `__imp_WSASetLastError'
/usr/bin/x86_64-w64-mingw32-ld: /tmp/go-build/windows_openssl_crypto_bio_bss_sock.cgo2.c:99:(.text+0x25c): undefined reference to `__imp_recv'
/usr/bin/x86_64-w64-mingw32-ld: /tmp/go-link-3624876292/000138.o: in function `BIO_sock_should_retry':
/tmp/go-build/windows_openssl_crypto_bio_bss_sock.cgo2.c:180:(.text+0x28a): undefined reference to `__imp_WSAGetLastError'
/usr/bin/x86_64-w64-mingw32-ld: /tmp/go-link-3624876292/000138.o: in function `sock_write':
/tmp/go-build/windows_openssl_crypto_bio_bss_sock.cgo2.c:115:(.text+0x2e4): undefined reference to `__imp_WSASetLastError'
/usr/bin/x86_64-w64-mingw32-ld: /tmp/go-build/windows_openssl_crypto_bio_bss_sock.cgo2.c:116:(.text+0x2f7): undefined reference to `__imp_send'
/usr/bin/x86_64-w64-mingw32-ld: /tmp/go-link-3624876292/000138.o: in function `BIO_sock_should_retry':
/tmp/go-build/windows_openssl_crypto_bio_bss_sock.cgo2.c:180:(.text+0x32a): undefined reference to `__imp_WSAGetLastError'
/usr/bin/x86_64-w64-mingw32-ld: /tmp/go-link-3624876292/000138.o: in function `BIO_sock_should_retry':
/home/runner/go/pkg/mod/github.com/spicicpein/go-libtor@v1.2.1-0.20260722060237-8ac7fa38eca9/libtor/../windows/openssl/include/../crypto/bio/bss_sock.c:180:(.text+0x3aa): undefined reference to `__imp_WSAGetLastError'
/usr/bin/x86_64-w64-mingw32-ld: /tmp/go-link-3624876292/000668.o: in function `capi_free_key':
/home/runner/go/pkg/mod/github.com/spicicpein/go-libtor@v1.2.1-0.20260722060237-8ac7fa38eca9/libtor/../windows/openssl/include/../engines/e_capi.c:1595:(.text+0xdc): undefined reference to `__imp_CertFreeCertificateContext'
/usr/bin/x86_64-w64-mingw32-ld: /home/runner/go/pkg/mod/github.com/spicicpein/go-libtor@v1.2.1-0.20260722060237-8ac7fa38eca9/libtor/../windows/openssl/include/../engines/e_capi.c:1595:(.text+0x15c): undefined reference to `__imp_CertFreeCertificateContext'
/usr/bin/x86_64-w64-mingw32-ld: /tmp/go-link-3624876292/000668.o: in function `capi_open_store':
/home/runner/go/pkg/mod/github.com/spicicpein/go-libtor@v1.2.1-0.20260722060237-8ac7fa38eca9/libtor/../windows/openssl/include/../engines/e_capi.c:1402:(.text+0x388): undefined reference to `__imp_CertOpenStore'
/usr/bin/x86_64-w64-mingw32-ld: /tmp/go-link-3624876292/000668.o: in function `capi_get_prov_info':
/home/runner/go/pkg/mod/github.com/spicicpein/go-libtor@v1.2.1-0.20260722060237-8ac7fa38eca9/libtor/../windows/openssl/include/../engines/e_capi.c:1283:(.text+0x640): undefined reference to `__imp_CertGetCertificateContextProperty'
/usr/bin/x86_64-w64-mingw32-ld: /tmp/go-link-3624876292/000668.o: in function `capi_cert_get_fname':
/home/runner/go/pkg/mod/github.com/spicicpein/go-libtor@v1.2.1-0.20260722060237-8ac7fa38eca9/libtor/../windows/openssl/include/../engines/e_capi.c:1331:(.text+0xb6c): undefined reference to `__imp_CertGetCertificateContextProperty'
/usr/bin/x86_64-w64-mingw32-ld: /tmp/go-link-3624876292/000668.o: in function `capi_find_cert':
/home/runner/go/pkg/mod/github.com/spicicpein/go-libtor@v1.2.1-0.20260722060237-8ac7fa38eca9/libtor/../windows/openssl/include/../engines/e_capi.c:1455:(.text+0xcab): undefined reference to `__imp_CertEnumCertificatesInStore'
/usr/bin/x86_64-w64-mingw32-ld: /home/runner/go/pkg/mod/github.com/spicicpein/go-libtor@v1.2.1-0.20260722060237-8ac7fa38eca9/libtor/../windows/openssl/include/../engines/e_capi.c:1457:(.text+0xd61): undefined reference to `__imp_CertFindCertificateInStore'
/usr/bin/x86_64-w64-mingw32-ld: /tmp/go-link-3624876292/000668.o: in function `capi_load_ssl_client_cert':
/home/runner/go/pkg/mod/github.com/spicicpein/go-libtor@v1.2.1-0.20260722060237-8ac7fa38eca9/libtor/../windows/openssl/include/../engines/e_capi.c:1722:(.text+0x2b30): undefined reference to `__imp_CertEnumCertificatesInStore'
/usr/bin/x86_64-w64-mingw32-ld: /home/runner/go/pkg/mod/github.com/spicicpein/go-libtor@v1.2.1-0.20260722060237-8ac7fa38eca9/libtor/../windows/openssl/include/../engines/e_capi.c:1742:(.text+0x2bee): undefined reference to `__imp_CertDuplicateCertificateContext'
/usr/bin/x86_64-w64-mingw32-ld: /home/runner/go/pkg/mod/github.com/spicicpein/go-libtor@v1.2.1-0.20260722060237-8ac7fa38eca9/libtor/../windows/openssl/include/../engines/e_capi.c:1758:(.text+0x2c64): undefined reference to `__imp_CertCloseStore'
/usr/bin/x86_64-w64-mingw32-ld: /tmp/go-link-3624876292/000668.o: in function `capi_free_key':
/home/runner/go/pkg/mod/github.com/spicicpein/go-libtor@v1.2.1-0.20260722060237-8ac7fa38eca9/libtor/../windows/openssl/include/../engines/e_capi.c:1595:(.text+0x2cf2): undefined reference to `__imp_CertFreeCertificateContext'
/usr/bin/x86_64-w64-mingw32-ld: /tmp/go-link-3624876292/000668.o: in function `capi_list_certs':
/home/runner/go/pkg/mod/github.com/spicicpein/go-libtor@v1.2.1-0.20260722060237-8ac7fa38eca9/libtor/../windows/openssl/include/../engines/e_capi.c:1434:(.text+0x332f): undefined reference to `__imp_CertFreeCertificateContext'
/usr/bin/x86_64-w64-mingw32-ld: /home/runner/go/pkg/mod/github.com/spicicpein/go-libtor@v1.2.1-0.20260722060237-8ac7fa38eca9/libtor/../windows/openssl/include/../engines/e_capi.c:1445:(.text+0x333f): undefined reference to `__imp_CertCloseStore'
/usr/bin/x86_64-w64-mingw32-ld: /home/runner/go/pkg/mod/github.com/spicicpein/go-libtor@v1.2.1-0.20260722060237-8ac7fa38eca9/libtor/../windows/openssl/include/../engines/e_capi.c:1447:(.text+0x335b): undefined reference to `__imp_CertEnumCertificatesInStore'
/usr/bin/x86_64-w64-mingw32-ld: /tmp/go-link-3624876292/000668.o: in function `capi_find_key':
/home/runner/go/pkg/mod/github.com/spicicpein/go-libtor@v1.2.1-0.20260722060237-8ac7fa38eca9/libtor/../windows/openssl/include/../engines/e_capi.c:1561:(.text+0x39ec): undefined reference to `__imp_CertFreeCertificateContext'
/usr/bin/x86_64-w64-mingw32-ld: /home/runner/go/pkg/mod/github.com/spicicpein/go-libtor@v1.2.1-0.20260722060237-8ac7fa38eca9/libtor/../windows/openssl/include/../engines/e_capi.c:1563:(.text+0x39fa): undefined reference to `__imp_CertCloseStore'
/usr/bin/x86_64-w64-mingw32-ld: /tmp/go-link-3624876292/000668.o: in function `capi_free_key':
/home/runner/go/pkg/mod/github.com/spicicpein/go-libtor@v1.2.1-0.20260722060237-8ac7fa38eca9/libtor/../windows/openssl/include/../engines/e_capi.c:1595:(.text+0x3a90): undefined reference to `__imp_CertFreeCertificateContext'
/usr/bin/x86_64-w64-mingw32-ld: /home/runner/go/pkg/mod/github.com/spicicpein/go-libtor@v1.2.1-0.20260722060237-8ac7fa38eca9/libtor/../windows/openssl/include/../engines/e_capi.c:1595:(.text+0x3b2d): undefined reference to `__imp_CertFreeCertificateContext'
/usr/bin/x86_64-w64-mingw32-ld: /tmp/go-link-3624876292/000716.o: in function `port_exists_by_type_addr32h_port':
/home/runner/go/pkg/mod/github.com/spicicpein/go-libtor@v1.2.1-0.20260722060237-8ac7fa38eca9/libtor/../windows/tor/src/../src/app/config/config.c:6771:(.text+0xb529): undefined reference to `__imp_htonl'
/usr/bin/x86_64-w64-mingw32-ld: /tmp/go-link-3624876292/000720.o: in function `init_addrinfo':
/home/runner/go/pkg/mod/github.com/spicicpein/go-libtor@v1.2.1-0.20260722060237-8ac7fa38eca9/libtor/../windows/tor/src/../src/app/main/main.c:846:(.text+0x1c1b): undefined reference to `__imp_gethostname'
/usr/bin/x86_64-w64-mingw32-ld: /tmp/go-link-3624876292/000732.o: in function `set_constrained_socket_buffers':
/home/runner/go/pkg/mod/github.com/spicicpein/go-libtor@v1.2.1-0.20260722060237-8ac7fa38eca9/libtor/../windows/tor/src/../src/core/mainloop/connection.c:5094:(.text+0x5da): undefined reference to `__imp_setsockopt'
/usr/bin/x86_64-w64-mingw32-ld: /tmp/go-link-3624876292/000732.o: in function `update_send_buffer_size':
/home/runner/go/pkg/mod/github.com/spicicpein/go-libtor@v1.2.1-0.20260722060237-8ac7fa38eca9/libtor/../windows/tor/src/../src/core/mainloop/connection.c:4302:(.text+0xdc1): undefined reference to `__imp_WSAIoctl'
/usr/bin/x86_64-w64-mingw32-ld: /home/runner/go/pkg/mod/github.com/spicicpein/go-libtor@v1.2.1-0.20260722060237-8ac7fa38eca9/libtor/../windows/tor/src/../src/core/mainloop/connection.c:4304:(.text+0xde8): undefined reference to `__imp_setsockopt'
/usr/bin/x86_64-w64-mingw32-ld: /tmp/go-link-3624876292/000732.o: in function `connection_socks4_proxy_connect':
/home/runner/go/pkg/mod/github.com/spicicpein/go-libtor@v1.2.1-0.20260722060237-8ac7fa38eca9/libtor/../windows/tor/src/../src/core/mainloop/connection.c:2643:(.text+0x5cb5): undefined reference to `__imp_htons'
/usr/bin/x86_64-w64-mingw32-ld: /home/runner/go/pkg/mod/github.com/spicicpein/go-libtor@v1.2.1-0.20260722060237-8ac7fa38eca9/libtor/../windows/tor/src/../src/core/mainloop/connection.c:2643:(.text+0x5f48): undefined reference to `__imp_htons'
/usr/bin/x86_64-w64-mingw32-ld: /home/runner/go/pkg/mod/github.com/spicicpein/go-libtor@v1.2.1-0.20260722060237-8ac7fa38eca9/libtor/../windows/tor/src/../src/core/mainloop/connection.c:2643:(.text+0x5fb0): undefined reference to `__imp_htons'
/usr/bin/x86_64-w64-mingw32-ld: /home/runner/go/pkg/mod/github.com/spicicpein/go-libtor@v1.2.1-0.20260722060237-8ac7fa38eca9/libtor/../windows/tor/src/../src/core/mainloop/connection.c:2643:(.text+0x6118): undefined reference to `__imp_htons'
/usr/bin/x86_64-w64-mingw32-ld: /tmp/go-link-3624876292/000732.o: in function `connection_send_socks5_connect':
/home/runner/go/pkg/mod/github.com/spicicpein/go-libtor@v1.2.1-0.20260722060237-8ac7fa38eca9/libtor/../windows/tor/src/../src/core/mainloop/connection.c:2858:(.text+0x6141): undefined reference to `__imp_htons'
/usr/bin/x86_64-w64-mingw32-ld: /tmp/go-link-3624876292/000732.o: in function `connection_connect_sockaddr':
/home/runner/go/pkg/mod/github.com/spicicpein/go-libtor@v1.2.1-0.20260722060237-8ac7fa38eca9/libtor/../windows/tor/src/../src/core/mainloop/connection.c:2222:(.text+0x73d0): undefined reference to `__imp_bind'
/usr/bin/x86_64-w64-mingw32-ld: /home/runner/go/pkg/mod/github.com/spicicpein/go-libtor@v1.2.1-0.20260722060237-8ac7fa38eca9/libtor/../windows/tor/src/../src/core/mainloop/connection.c:2234:(.text+0x7400): undefined reference to `__imp_connect'
/usr/bin/x86_64-w64-mingw32-ld: /tmp/go-link-3624876292/000732.o: in function `make_win32_socket_exclusive':
/home/runner/go/pkg/mod/github.com/spicicpein/go-libtor@v1.2.1-0.20260722060237-8ac7fa38eca9/libtor/../windows/tor/src/../src/core/mainloop/connection.c:1416:(.text+0x7b60): undefined reference to `__imp_setsockopt'
/usr/bin/x86_64-w64-mingw32-ld: /tmp/go-link-3624876292/000732.o: in function `connection_listener_new':
/home/runner/go/pkg/mod/github.com/spicicpein/go-libtor@v1.2.1-0.20260722060237-8ac7fa38eca9/libtor/../windows/tor/src/../src/core/mainloop/connection.c:1557:(.text+0x7b8e): undefined reference to `__imp_bind'
/usr/bin/x86_64-w64-mingw32-ld: /tmp/go-link-3624876292/000732.o: in function `tor_listen':
/home/runner/go/pkg/mod/github.com/spicicpein/go-libtor@v1.2.1-0.20260722060237-8ac7fa38eca9/libtor/../windows/tor/src/../src/core/mainloop/connection.c:1437:(.text+0x7ba9): undefined reference to `__imp_listen'
/usr/bin/x86_64-w64-mingw32-ld: /tmp/go-link-3624876292/000732.o: in function `connection_listener_new':
/home/runner/go/pkg/mod/github.com/spicicpein/go-libtor@v1.2.1-0.20260722060237-8ac7fa38eca9/libtor/../windows/tor/src/../src/core/mainloop/connection.c:1584:(.text+0x7e3d): undefined reference to `__imp_getsockname'
/usr/bin/x86_64-w64-mingw32-ld: /tmp/go-link-3624876292/000732.o: in function `connection_handle_write_impl':
/home/runner/go/pkg/mod/github.com/spicicpein/go-libtor@v1.2.1-0.20260722060237-8ac7fa38eca9/libtor/../windows/tor/src/../src/core/mainloop/connection.c:4356:(.text+0xa0e0): undefined reference to `__imp_getsockopt'
/usr/bin/x86_64-w64-mingw32-ld: /tmp/go-link-3624876292/000739.o: in function `address_set_add_ipv4h':
/tmp/go-build/windows_tor_src_core_or_address_set.cgo2.c:57:(.text+0x72): undefined reference to `__imp_htonl'
/usr/bin/x86_64-w64-mingw32-ld: /tmp/go-link-3624876292/000740.o: in function `packed_cell_is_destroy':
/home/runner/go/pkg/mod/github.com/spicicpein/go-libtor@v1.2.1-0.20260722060237-8ac7fa38eca9/libtor/../windows/tor/src/../src/core/or/channel.c:2016:(.text+0x4281): undefined reference to `__imp_ntohs'
/usr/bin/x86_64-w64-mingw32-ld: /home/runner/go/pkg/mod/github.com/spicicpein/go-libtor@v1.2.1-0.20260722060237-8ac7fa38eca9/libtor/../windows/tor/src/../src/core/or/channel.c:2011:(.text+0x42aa): undefined reference to `__imp_ntohl'
/usr/bin/x86_64-w64-mingw32-ld: /home/runner/go/pkg/mod/github.com/spicicpein/go-libtor@v1.2.1-0.20260722060237-8ac7fa38eca9/libtor/../windows/tor/src/../src/core/or/channel.c:2011:(.text+0x693b): undefined reference to `__imp_ntohl'
/usr/bin/x86_64-w64-mingw32-ld: /home/runner/go/pkg/mod/github.com/spicicpein/go-libtor@v1.2.1-0.20260722060237-8ac7fa38eca9/libtor/../windows/tor/src/../src/core/or/channel.c:2016:(.text+0x6a4e): undefined reference to `__imp_ntohs'
/usr/bin/x86_64-w64-mingw32-ld: /tmp/go-link-3624876292/000742.o: in function `tor_addr_from_netinfo_addr':
/tmp/go-build/windows_tor_src_core_or_channeltls.cgo2.c:1672:(.text+0x304): undefined reference to `__imp_htonl'
/usr/bin/x86_64-w64-mingw32-ld: /tmp/go-link-3624876292/000742.o: in function `channel_tls_process_authenticate_cell':
/home/runner/go/pkg/mod/github.com/spicicpein/go-libtor@v1.2.1-0.20260722060237-8ac7fa38eca9/libtor/../windows/tor/src/../src/core/or/channeltls.c:2434:(.text+0x2f38): undefined reference to `__imp_ntohs'
/usr/bin/x86_64-w64-mingw32-ld: /tmp/go-link-3624876292/000742.o: in function `channel_tls_process_versions_cell':
/home/runner/go/pkg/mod/github.com/spicicpein/go-libtor@v1.2.1-0.20260722060237-8ac7fa38eca9/libtor/../windows/tor/src/../src/core/or/channeltls.c:1496:(.text+0x316d): undefined reference to `__imp_ntohs'
/usr/bin/x86_64-w64-mingw32-ld: /tmp/go-link-3624876292/000752.o: in function `connected_cell_format_payload':
/home/runner/go/pkg/mod/github.com/spicicpein/go-libtor@v1.2.1-0.20260722060237-8ac7fa38eca9/libtor/../windows/tor/src/../src/core/or/connection_edge.c:898:(.text+0x1a3): undefined reference to `__imp_htonl'
/usr/bin/x86_64-w64-mingw32-ld: /tmp/go-link-3624876292/000752.o: in function `connection_edge_end':
/home/runner/go/pkg/mod/github.com/spicicpein/go-libtor@v1.2.1-0.20260722060237-8ac7fa38eca9/libtor/../windows/tor/src/../src/core/or/connection_edge.c:533:(.text+0x574): undefined reference to `__imp_htonl'
/usr/bin/x86_64-w64-mingw32-ld: /tmp/go-link-3624876292/000752.o: in function `tell_controller_about_resolved_result':
/home/runner/go/pkg/mod/github.com/spicicpein/go-libtor@v1.2.1-0.20260722060237-8ac7fa38eca9/libtor/../windows/tor/src/../src/core/or/connection_edge.c:3501:(.text+0x1e2c): undefined reference to `__imp_ntohl'
/usr/bin/x86_64-w64-mingw32-ld: /tmp/go-link-3624876292/000752.o: in function `connection_ap_handshake_send_begin':
/home/runner/go/pkg/mod/github.com/spicicpein/go-libtor@v1.2.1-0.20260722060237-8ac7fa38eca9/libtor/../windows/tor/src/../src/core/or/connection_edge.c:3245:(.text+0x2f2a): undefined reference to `__imp_htonl'
/usr/bin/x86_64-w64-mingw32-ld: /tmp/go-link-3624876292/000752.o: in function `begin_cell_parse':
/home/runner/go/pkg/mod/github.com/spicicpein/go-libtor@v1.2.1-0.20260722060237-8ac7fa38eca9/libtor/../windows/tor/src/../src/core/or/connection_edge.c:3835:(.text+0x6b07): undefined reference to `__imp_ntohl'
/usr/bin/x86_64-w64-mingw32-ld: /tmp/go-link-3624876292/000753.o: in function `cell_unpack':
/tmp/go-build/windows_tor_src_core_or_connection_or.cgo2.c:481:(.text+0x3d): undefined reference to `__imp_ntohs'
/usr/bin/x86_64-w64-mingw32-ld: /tmp/go-build/windows_tor_src_core_or_connection_or.cgo2.c:478:(.text+0x44): undefined reference to `__imp_ntohl'
/usr/bin/x86_64-w64-mingw32-ld: /tmp/go-link-3624876292/000753.o: in function `tor_addr_to_ipv4h':
/home/runner/go/pkg/mod/github.com/spicicpein/go-libtor@v1.2.1-0.20260722060237-8ac7fa38eca9/libtor/../windows/tor/src/lib/net/address.h:162:(.text+0x3c7): undefined reference to `__imp_ntohl'
/usr/bin/x86_64-w64-mingw32-ld: /tmp/go-link-3624876292/000753.o: in function `cell_pack':
/home/runner/go/pkg/mod/github.com/spicicpein/go-libtor@v1.2.1-0.20260722060237-8ac7fa38eca9/libtor/../windows/tor/src/../src/core/or/connection_or.c:458:(.text+0x132a): undefined reference to `__imp_htonl'
/usr/bin/x86_64-w64-mingw32-ld: /home/runner/go/pkg/mod/github.com/spicicpein/go-libtor@v1.2.1-0.20260722060237-8ac7fa38eca9/libtor/../windows/tor/src/../src/core/or/connection_or.c:464:(.text+0x1392): undefined reference to `__imp_htons'
/usr/bin/x86_64-w64-mingw32-ld: /tmp/go-link-3624876292/000753.o: in function `var_cell_pack_header':
/home/runner/go/pkg/mod/github.com/spicicpein/go-libtor@v1.2.1-0.20260722060237-8ac7fa38eca9/libtor/../windows/tor/src/../src/core/or/connection_or.c:495:(.text+0x13b8): undefined reference to `__imp_htonl'
/usr/bin/x86_64-w64-mingw32-ld: /tmp/go-link-3624876292/000753.o: in function `set_uint32':
/home/runner/go/pkg/mod/github.com/spicicpein/go-libtor@v1.2.1-0.20260722060237-8ac7fa38eca9/libtor/../windows/tor/src/lib/arch/bytes.h:89:(.text+0x13bf): undefined reference to `__imp_htons'
/usr/bin/x86_64-w64-mingw32-ld: /tmp/go-link-3624876292/000753.o: in function `var_cell_pack_header':
/home/runner/go/pkg/mod/github.com/spicicpein/go-libtor@v1.2.1-0.20260722060237-8ac7fa38eca9/libtor/../windows/tor/src/../src/core/or/connection_or.c:499:(.text+0x13f3): undefined reference to `__imp_htons'
/usr/bin/x86_64-w64-mingw32-ld: /home/runner/go/pkg/mod/github.com/spicicpein/go-libtor@v1.2.1-0.20260722060237-8ac7fa38eca9/libtor/../windows/tor/src/../src/core/or/connection_or.c:499:(.text+0x2f63): undefined reference to `__imp_htons'
/usr/bin/x86_64-w64-mingw32-ld: /home/runner/go/pkg/mod/github.com/spicicpein/go-libtor@v1.2.1-0.20260722060237-8ac7fa38eca9/libtor/../windows/tor/src/../src/core/or/connection_or.c:495:(.text+0x2fa3): undefined reference to `__imp_htonl'
/usr/bin/x86_64-w64-mingw32-ld: /home/runner/go/pkg/mod/github.com/spicicpein/go-libtor@v1.2.1-0.20260722060237-8ac7fa38eca9/libtor/../windows/tor/src/../src/core/or/connection_or.c:496:(.text+0x2fb5): undefined reference to `__imp_htons'
/usr/bin/x86_64-w64-mingw32-ld: /home/runner/go/pkg/mod/github.com/spicicpein/go-libtor@v1.2.1-0.20260722060237-8ac7fa38eca9/libtor/../windows/tor/src/../src/core/or/connection_or.c:499:(.text+0x3225): undefined reference to `__imp_htons'
/usr/bin/x86_64-w64-mingw32-ld: /home/runner/go/pkg/mod/github.com/spicicpein/go-libtor@v1.2.1-0.20260722060237-8ac7fa38eca9/libtor/../windows/tor/src/../src/core/or/connection_or.c:495:(.text+0x32b2): undefined reference to `__imp_htonl'
/usr/bin/x86_64-w64-mingw32-ld: /tmp/go-link-3624876292/000753.o: in function `var_cell_pack_header':
/home/runner/go/pkg/mod/github.com/spicicpein/go-libtor@v1.2.1-0.20260722060237-8ac7fa38eca9/libtor/../windows/tor/src/lib/arch/bytes.h:89:(.text+0x32bf): undefined reference to `__imp_htons'
/usr/bin/x86_64-w64-mingw32-ld: /tmp/go-link-3624876292/000753.o: in function `connection_or_send_versions':
/home/runner/go/pkg/mod/github.com/spicicpein/go-libtor@v1.2.1-0.20260722060237-8ac7fa38eca9/libtor/../windows/tor/src/../src/core/or/connection_or.c:2463:(.text+0x33cb): undefined reference to `__imp_htons'
/usr/bin/x86_64-w64-mingw32-ld: /tmp/go-link-3624876292/000760.o: in function `create_cell_format_impl':
/tmp/go-build/windows_tor_src_core_or_onion.cgo2.c:536:(.text+0x1fb): undefined reference to `__imp_htons'
/usr/bin/x86_64-w64-mingw32-ld: /tmp/go-link-3624876292/000760.o: in function `parse_create2_payload':
/home/runner/go/pkg/mod/github.com/spicicpein/go-libtor@v1.2.1-0.20260722060237-8ac7fa38eca9/libtor/../windows/tor/src/../src/core/or/onion.c:130:(.text+0x4e7): undefined reference to `__imp_ntohs'
/usr/bin/x86_64-w64-mingw32-ld: /tmp/go-link-3624876292/000760.o: in function `created_cell_parse':
/home/runner/go/pkg/mod/github.com/spicicpein/go-libtor@v1.2.1-0.20260722060237-8ac7fa38eca9/libtor/../windows/tor/src/../src/core/or/onion.c:228:(.text+0x7b9): undefined reference to `__imp_ntohs'
/usr/bin/x86_64-w64-mingw32-ld: /tmp/go-link-3624876292/000760.o: in function `extend_cell_from_extend1_cell_body':
/home/runner/go/pkg/mod/github.com/spicicpein/go-libtor@v1.2.1-0.20260722060237-8ac7fa38eca9/libtor/../windows/tor/src/../src/core/or/onion.c:286:(.text+0xaac): undefined reference to `__imp_htonl'
/usr/bin/x86_64-w64-mingw32-ld: /tmp/go-link-3624876292/000760.o: in function `extend_cell_from_extend2_cell_body':
/home/runner/go/pkg/mod/github.com/spicicpein/go-libtor@v1.2.1-0.20260722060237-8ac7fa38eca9/libtor/../windows/tor/src/../src/core/or/onion.c:348:(.text+0xbab): undefined reference to `__imp_htonl'
/usr/bin/x86_64-w64-mingw32-ld: /tmp/go-link-3624876292/000760.o: in function `extended_cell_parse':
/home/runner/go/pkg/mod/github.com/spicicpein/go-libtor@v1.2.1-0.20260722060237-8ac7fa38eca9/libtor/../windows/tor/src/../src/core/or/onion.c:489:(.text+0xf22): undefined reference to `__imp_ntohs'
/usr/bin/x86_64-w64-mingw32-ld: /tmp/go-link-3624876292/000760.o: in function `created_cell_format':
/home/runner/go/pkg/mod/github.com/spicicpein/go-libtor@v1.2.1-0.20260722060237-8ac7fa38eca9/libtor/../windows/tor/src/../src/core/or/onion.c:579:(.text+0x1191): undefined reference to `__imp_htons'
/usr/bin/x86_64-w64-mingw32-ld: /tmp/go-link-3624876292/000760.o: in function `extend_cell_format':
/home/runner/go/pkg/mod/github.com/spicicpein/go-libtor@v1.2.1-0.20260722060237-8ac7fa38eca9/libtor/../windows/tor/src/../src/core/or/onion.c:625:(.text+0x146c): undefined reference to `__imp_htons'
/usr/bin/x86_64-w64-mingw32-ld: /tmp/go-link-3624876292/000760.o: in function `tor_addr_to_ipv4h':
/home/runner/go/pkg/mod/github.com/spicicpein/go-libtor@v1.2.1-0.20260722060237-8ac7fa38eca9/libtor/../windows/tor/src/lib/net/address.h:162:(.text+0x16b7): undefined reference to `__imp_ntohl'
/usr/bin/x86_64-w64-mingw32-ld: /tmp/go-link-3624876292/000760.o: in function `extended_cell_format':
/home/runner/go/pkg/mod/github.com/spicicpein/go-libtor@v1.2.1-0.20260722060237-8ac7fa38eca9/libtor/../windows/tor/src/../src/core/or/onion.c:737:(.text+0x1770): undefined reference to `__imp_htons'
/usr/bin/x86_64-w64-mingw32-ld: /tmp/go-link-3624876292/000764.o: in function `tor_addr_to_ipv4h':
/home/runner/go/pkg/mod/github.com/spicicpein/go-libtor@v1.2.1-0.20260722060237-8ac7fa38eca9/libtor/../windows/tor/src/lib/net/address.h:162:(.text+0x1e1): undefined reference to `__imp_ntohl'
/usr/bin/x86_64-w64-mingw32-ld: /tmp/go-link-3624876292/000764.o: in function `exit_policy_is_general_exit_helper':
/home/runner/go/pkg/mod/github.com/spicicpein/go-libtor@v1.2.1-0.20260722060237-8ac7fa38eca9/libtor/../windows/tor/src/../src/core/or/policies.c:2207:(.text+0x27c): undefined reference to `__imp_htonl'
/usr/bin/x86_64-w64-mingw32-ld: /tmp/go-link-3624876292/000764.o: in function `tor_addr_to_ipv4h':
/home/runner/go/pkg/mod/github.com/spicicpein/go-libtor@v1.2.1-0.20260722060237-8ac7fa38eca9/libtor/../windows/tor/src/lib/net/address.h:162:(.text+0x2ed): undefined reference to `__imp_ntohl'
/usr/bin/x86_64-w64-mingw32-ld: /tmp/go-link-3624876292/000764.o: in function `policy_expand_unspec':
/home/runner/go/pkg/mod/github.com/spicicpein/go-libtor@v1.2.1-0.20260722060237-8ac7fa38eca9/libtor/../windows/tor/src/../src/core/or/policies.c:170:(.text+0xea1): undefined reference to `__imp_htonl'
/usr/bin/x86_64-w64-mingw32-ld: /tmp/go-link-3624876292/000764.o: in function `reachable_addr_choose_from_ls':
/home/runner/go/pkg/mod/github.com/spicicpein/go-libtor@v1.2.1-0.20260722060237-8ac7fa38eca9/libtor/../windows/tor/src/../src/core/or/policies.c:939:(.text+0x1a2e): undefined reference to `__imp_htonl'
/usr/bin/x86_64-w64-mingw32-ld: /tmp/go-link-3624876292/000768.o: in function `relay_header_pack':
/home/runner/go/pkg/mod/github.com/spicicpein/go-libtor@v1.2.1-0.20260722060237-8ac7fa38eca9/libtor/../windows/tor/src/../src/core/or/relay.c:481:(.text+0x49a): undefined reference to `__imp_htons'
/usr/bin/x86_64-w64-mingw32-ld: /tmp/go-link-3624876292/000768.o: in function `relay_header_unpack':
/home/runner/go/pkg/mod/github.com/spicicpein/go-libtor@v1.2.1-0.20260722060237-8ac7fa38eca9/libtor/../windows/tor/src/../src/core/or/relay.c:494:(.text+0x4ea): undefined reference to `__imp_ntohs'
/usr/bin/x86_64-w64-mingw32-ld: /tmp/go-link-3624876292/000768.o: in function `relay_header_pack':
/home/runner/go/pkg/mod/github.com/spicicpein/go-libtor@v1.2.1-0.20260722060237-8ac7fa38eca9/libtor/../windows/tor/src/../src/core/or/relay.c:481:(.text+0x113f): undefined reference to `__imp_htons'
/usr/bin/x86_64-w64-mingw32-ld: /tmp/go-link-3624876292/000768.o: in function `packed_cell_get_circid':
/home/runner/go/pkg/mod/github.com/spicicpein/go-libtor@v1.2.1-0.20260722060237-8ac7fa38eca9/libtor/../windows/tor/src/../src/core/or/relay.c:2913:(.text+0x2122): undefined reference to `__imp_ntohl'
/usr/bin/x86_64-w64-mingw32-ld: /home/runner/go/pkg/mod/github.com/spicicpein/go-libtor@v1.2.1-0.20260722060237-8ac7fa38eca9/libtor/../windows/tor/src/../src/core/or/relay.c:2915:(.text+0x2136): undefined reference to `__imp_ntohs'
/usr/bin/x86_64-w64-mingw32-ld: /tmp/go-link-3624876292/000768.o: in function `relay_header_unpack':
/home/runner/go/pkg/mod/github.com/spicicpein/go-libtor@v1.2.1-0.20260722060237-8ac7fa38eca9/libtor/../windows/tor/src/../src/core/or/relay.c:494:(.text+0x39ba): undefined reference to `__imp_ntohs'
/usr/bin/x86_64-w64-mingw32-ld: /tmp/go-link-3624876292/000768.o: in function `resolved_cell_parse':
/home/runner/go/pkg/mod/github.com/spicicpein/go-libtor@v1.2.1-0.20260722060237-8ac7fa38eca9/libtor/../windows/tor/src/../src/core/or/relay.c:1182:(.text+0x3b81): undefined reference to `__imp_ntohl'
/usr/bin/x86_64-w64-mingw32-ld: /home/runner/go/pkg/mod/github.com/spicicpein/go-libtor@v1.2.1-0.20260722060237-8ac7fa38eca9/libtor/../windows/tor/src/../src/core/or/relay.c:1163:(.text+0x3c05): undefined reference to `__imp_ntohl'
/usr/bin/x86_64-w64-mingw32-ld: /tmp/go-link-3624876292/000768.o: in function `connected_cell_parse':
/home/runner/go/pkg/mod/github.com/spicicpein/go-libtor@v1.2.1-0.20260722060237-8ac7fa38eca9/libtor/../windows/tor/src/../src/core/or/relay.c:1081:(.text+0x3fd1): undefined reference to `__imp_ntohl'
/usr/bin/x86_64-w64-mingw32-ld: /tmp/go-link-3624876292/000768.o: in function `resolved_cell_parse':
/home/runner/go/pkg/mod/github.com/spicicpein/go-libtor@v1.2.1-0.20260722060237-8ac7fa38eca9/libtor/../windows/tor/src/../src/core/or/relay.c:1172:(.text+0x4258): undefined reference to `__imp_ntohl'
/usr/bin/x86_64-w64-mingw32-ld: /tmp/go-link-3624876292/000768.o: in function `connected_cell_parse':
/home/runner/go/pkg/mod/github.com/spicicpein/go-libtor@v1.2.1-0.20260722060237-8ac7fa38eca9/libtor/../windows/tor/src/../src/core/or/relay.c:1086:(.text+0x4312): undefined reference to `__imp_htonl'
/usr/bin/x86_64-w64-mingw32-ld: /tmp/go-link-3624876292/000768.o: in function `connection_ap_process_end_not_open':
/home/runner/go/pkg/mod/github.com/spicicpein/go-libtor@v1.2.1-0.20260722060237-8ac7fa38eca9/libtor/../windows/tor/src/../src/core/or/relay.c:869:(.text+0x4fc5): undefined reference to `__imp_ntohl'
/usr/bin/x86_64-w64-mingw32-ld: /home/runner/go/pkg/mod/github.com/spicicpein/go-libtor@v1.2.1-0.20260722060237-8ac7fa38eca9/libtor/../windows/tor/src/../src/core/or/relay.c:874:(.text+0x504b): undefined reference to `__imp_ntohl'
/usr/bin/x86_64-w64-mingw32-ld: /tmp/go-link-3624876292/000768.o: in function `relay_header_unpack':
/home/runner/go/pkg/mod/github.com/spicicpein/go-libtor@v1.2.1-0.20260722060237-8ac7fa38eca9/libtor/../windows/tor/src/../src/core/or/relay.c:494:(.text+0x5210): undefined reference to `__imp_ntohs'
/usr/bin/x86_64-w64-mingw32-ld: /tmp/go-link-3624876292/000775.o: in function `fetch_var_cell_from_buf':
/home/runner/go/pkg/mod/github.com/spicicpein/go-libtor@v1.2.1-0.20260722060237-8ac7fa38eca9/libtor/../windows/tor/src/../src/core/proto/proto_cell.c:75:(.text+0xdd): undefined reference to `__imp_ntohs'
/usr/bin/x86_64-w64-mingw32-ld: /home/runner/go/pkg/mod/github.com/spicicpein/go-libtor@v1.2.1-0.20260722060237-8ac7fa38eca9/libtor/../windows/tor/src/../src/core/proto/proto_cell.c:82:(.text+0x156): undefined reference to `__imp_ntohl'
/usr/bin/x86_64-w64-mingw32-ld: /tmp/go-link-3624876292/000776.o: in function `peek_buf_has_control0_command':
/home/runner/go/pkg/mod/github.com/spicicpein/go-libtor@v1.2.1-0.20260722060237-8ac7fa38eca9/libtor/../windows/tor/src/../src/core/proto/proto_control0.c:25:(.text+0x3a): undefined reference to `__imp_ntohs'
/usr/bin/x86_64-w64-mingw32-ld: /tmp/go-link-3624876292/000777.o: in function `fetch_ext_or_command_from_buf':
/home/runner/go/pkg/mod/github.com/spicicpein/go-libtor@v1.2.1-0.20260722060237-8ac7fa38eca9/libtor/../windows/tor/src/../src/core/proto/proto_ext_or.c:35:(.text+0x4b): undefined reference to `__imp_ntohs'
/usr/bin/x86_64-w64-mingw32-ld: /tmp/go-link-3624876292/000780.o: in function `parse_socks5_client_request':
/home/runner/go/pkg/mod/github.com/spicicpein/go-libtor@v1.2.1-0.20260722060237-8ac7fa38eca9/libtor/../windows/tor/src/../src/core/proto/proto_socks.c:579:(.text+0x6bf): undefined reference to `__imp_htonl'
/usr/bin/x86_64-w64-mingw32-ld: /tmp/go-link-3624876292/000780.o: in function `parse_socks4_request':
/home/runner/go/pkg/mod/github.com/spicicpein/go-libtor@v1.2.1-0.20260722060237-8ac7fa38eca9/libtor/../windows/tor/src/../src/core/proto/proto_socks.c:207:(.text+0x1021): undefined reference to `__imp_htonl'
/usr/bin/x86_64-w64-mingw32-ld: /tmp/go-link-3624876292/000827.o: in function `tor_main_configuration_free':
/tmp/go-build/windows_tor_src_feature_api_tor_api.cgo2.c:135:(.text+0x1aa): undefined reference to `__imp_closesocket'
/usr/bin/x86_64-w64-mingw32-ld: /tmp/go-link-3624876292/000828.o: in function `tor_addr_to_ipv4h':
/home/runner/go/pkg/mod/github.com/spicicpein/go-libtor@v1.2.1-0.20260722060237-8ac7fa38eca9/libtor/../windows/tor/src/lib/net/address.h:162:(.text+0x17e8): undefined reference to `__imp_ntohl'
/usr/bin/x86_64-w64-mingw32-ld: /tmp/go-link-3624876292/000830.o: in function `pathbias_check_probe_response':
/home/runner/go/pkg/mod/github.com/spicicpein/go-libtor@v1.2.1-0.20260722060237-8ac7fa38eca9/libtor/../windows/tor/src/../src/feature/client/circpathbias.c:913:(.text+0x2b4b): undefined reference to `__imp_ntohl'
/usr/bin/x86_64-w64-mingw32-ld: /tmp/go-link-3624876292/000840.o: in function `control_send_v0_reject':
/home/runner/go/pkg/mod/github.com/spicicpein/go-libtor@v1.2.1-0.20260722060237-8ac7fa38eca9/libtor/../windows/tor/src/../src/feature/control/control.c:367:(.text+0xc54): undefined reference to `__imp_htons'
/usr/bin/x86_64-w64-mingw32-ld: /tmp/go-link-3624876292/000846.o: in function `getinfo_helper_listeners':
/home/runner/go/pkg/mod/github.com/spicicpein/go-libtor@v1.2.1-0.20260722060237-8ac7fa38eca9/libtor/../windows/tor/src/../src/feature/control/control_getinfo.c:301:(.text+0xd02): undefined reference to `__imp_getsockname'
/usr/bin/x86_64-w64-mingw32-ld: /tmp/go-link-3624876292/000849.o: in function `tor_addr_to_ipv4h':
/home/runner/go/pkg/mod/github.com/spicicpein/go-libtor@v1.2.1-0.20260722060237-8ac7fa38eca9/libtor/../windows/tor/src/lib/net/address.h:162:(.text+0x13e): undefined reference to `__imp_ntohl'
/usr/bin/x86_64-w64-mingw32-ld: /tmp/go-link-3624876292/000864.o: in function `generate_srv':
/home/runner/go/pkg/mod/github.com/spicicpein/go-libtor@v1.2.1-0.20260722060237-8ac7fa38eca9/libtor/../windows/tor/src/../src/feature/dirauth/shared_random.c:438:(.text+0xb9c): undefined reference to `__imp_htonl'
/usr/bin/x86_64-w64-mingw32-ld: /tmp/go-link-3624876292/000895.o: in function `hs_parse_port_config':
/home/runner/go/pkg/mod/github.com/spicicpein/go-libtor@v1.2.1-0.20260722060237-8ac7fa38eca9/libtor/../windows/tor/src/../src/feature/hs/hs_common.c:716:(.text+0xc4f): undefined reference to `__imp_htonl'
/usr/bin/x86_64-w64-mingw32-ld: /home/runner/go/pkg/mod/github.com/spicicpein/go-libtor@v1.2.1-0.20260722060237-8ac7fa38eca9/libtor/../windows/tor/src/../src/feature/hs/hs_common.c:758:(.text+0xd44): undefined reference to `__imp_htonl'
/usr/bin/x86_64-w64-mingw32-ld: /tmp/go-link-3624876292/000895.o: in function `hs_get_extend_info_from_lspecs':
/home/runner/go/pkg/mod/github.com/spicicpein/go-libtor@v1.2.1-0.20260722060237-8ac7fa38eca9/libtor/../windows/tor/src/../src/feature/hs/hs_common.c:1633:(.text+0x2875): undefined reference to `__imp_htonl'
/usr/bin/x86_64-w64-mingw32-ld: /tmp/go-link-3624876292/000920.o: in function `tor_addr_to_ipv4h':
/home/runner/go/pkg/mod/github.com/spicicpein/go-libtor@v1.2.1-0.20260722060237-8ac7fa38eca9/libtor/../windows/tor/src/lib/net/address.h:162:(.text+0x47fa): undefined reference to `__imp_ntohl'
/usr/bin/x86_64-w64-mingw32-ld: /tmp/go-link-3624876292/000926.o: in function `set_exitconn_info_from_resolve':
/home/runner/go/pkg/mod/github.com/spicicpein/go-libtor@v1.2.1-0.20260722060237-8ac7fa38eca9/libtor/../windows/tor/src/../src/feature/relay/dns.c:918:(.text+0xacb): undefined reference to `__imp_htonl'
/usr/bin/x86_64-w64-mingw32-ld: /home/runner/go/pkg/mod/github.com/spicicpein/go-libtor@v1.2.1-0.20260722060237-8ac7fa38eca9/libtor/../windows/tor/src/../src/feature/relay/dns.c:887:(.text+0xbe1): undefined reference to `__imp_htonl'
/usr/bin/x86_64-w64-mingw32-ld: /tmp/go-link-3624876292/000926.o: in function `send_resolved_hostname_cell':
/home/runner/go/pkg/mod/github.com/spicicpein/go-libtor@v1.2.1-0.20260722060237-8ac7fa38eca9/libtor/../windows/tor/src/../src/feature/relay/dns.c:577:(.text+0x101e): undefined reference to `__imp_htonl'
/usr/bin/x86_64-w64-mingw32-ld: /tmp/go-link-3624876292/000926.o: in function `send_resolved_cell':
/home/runner/go/pkg/mod/github.com/spicicpein/go-libtor@v1.2.1-0.20260722060237-8ac7fa38eca9/libtor/../windows/tor/src/../src/feature/relay/dns.c:495:(.text+0x1140): undefined reference to `__imp_htonl'
/usr/bin/x86_64-w64-mingw32-ld: /home/runner/go/pkg/mod/github.com/spicicpein/go-libtor@v1.2.1-0.20260722060237-8ac7fa38eca9/libtor/../windows/tor/src/../src/feature/relay/dns.c:537:(.text+0x11ab): undefined reference to `__imp_htonl'
/usr/bin/x86_64-w64-mingw32-ld: /tmp/go-link-3624876292/000926.o:/home/runner/go/pkg/mod/github.com/spicicpein/go-libtor@v1.2.1-0.20260722060237-8ac7fa38eca9/libtor/../windows/tor/src/../src/feature/relay/dns.c:508: more undefined references to `__imp_htonl' follow
/usr/bin/x86_64-w64-mingw32-ld: /tmp/go-link-3624876292/000926.o: in function `tor_addr_to_ipv4h':
/home/runner/go/pkg/mod/github.com/spicicpein/go-libtor@v1.2.1-0.20260722060237-8ac7fa38eca9/libtor/../windows/tor/src/lib/net/address.h:162:(.text+0x3849): undefined reference to `__imp_ntohl'
/usr/bin/x86_64-w64-mingw32-ld: /tmp/go-link-3624876292/000927.o: in function `connection_write_ext_or_command':
/home/runner/go/pkg/mod/github.com/spicicpein/go-libtor@v1.2.1-0.20260722060237-8ac7fa38eca9/libtor/../windows/tor/src/../src/feature/relay/ext_orport.c:74:(.text+0x630): undefined reference to `__imp_htons'
/usr/bin/x86_64-w64-mingw32-ld: /tmp/go-link-3624876292/000931.o: in function `connection_or_compute_authenticate_cell_body':
/tmp/go-build/windows_tor_src_feature_relay_relay_handshake.cgo2.c:452:(.text+0x908): undefined reference to `__imp_htons'
/usr/bin/x86_64-w64-mingw32-ld: /tmp/go-link-3624876292/001018.o: in function `geoip_parse_entry':
/home/runner/go/pkg/mod/github.com/spicicpein/go-libtor@v1.2.1-0.20260722060237-8ac7fa38eca9/libtor/../windows/tor/src/../src/lib/geoip/geoip.c:192:(.text+0x61a): undefined reference to `__imp_htonl'
/usr/bin/x86_64-w64-mingw32-ld: /home/runner/go/pkg/mod/github.com/spicicpein/go-libtor@v1.2.1-0.20260722060237-8ac7fa38eca9/libtor/../windows/tor/src/../src/lib/geoip/geoip.c:193:(.text+0x631): undefined reference to `__imp_htonl'
/usr/bin/x86_64-w64-mingw32-ld: /tmp/go-link-3624876292/001018.o: in function `tor_addr_to_ipv4h':
/home/runner/go/pkg/mod/github.com/spicicpein/go-libtor@v1.2.1-0.20260722060237-8ac7fa38eca9/libtor/../windows/tor/src/lib/net/address.h:162:(.text+0x694): undefined reference to `__imp_ntohl'
/usr/bin/x86_64-w64-mingw32-ld: /home/runner/go/pkg/mod/github.com/spicicpein/go-libtor@v1.2.1-0.20260722060237-8ac7fa38eca9/libtor/../windows/tor/src/lib/net/address.h:162:(.text+0xa55): undefined reference to `__imp_ntohl'
/usr/bin/x86_64-w64-mingw32-ld: /tmp/go-link-3624876292/001043.o: in function `tor_addr_to_sockaddr':
/home/runner/go/pkg/mod/github.com/spicicpein/go-libtor@v1.2.1-0.20260722060237-8ac7fa38eca9/libtor/../windows/tor/src/../src/lib/net/address.c:130:(.text+0x84): undefined reference to `__imp_htons'
/usr/bin/x86_64-w64-mingw32-ld: /home/runner/go/pkg/mod/github.com/spicicpein/go-libtor@v1.2.1-0.20260722060237-8ac7fa38eca9/libtor/../windows/tor/src/../src/lib/net/address.c:142:(.text+0xad): undefined reference to `__imp_htons'
/usr/bin/x86_64-w64-mingw32-ld: /tmp/go-link-3624876292/001043.o: in function `tor_addr_to_ipv4h':
/home/runner/go/pkg/mod/github.com/spicicpein/go-libtor@v1.2.1-0.20260722060237-8ac7fa38eca9/libtor/../windows/tor/src/lib/net/address.h:162:(.text+0x3b2): undefined reference to `__imp_ntohl'
/usr/bin/x86_64-w64-mingw32-ld: /tmp/go-link-3624876292/001043.o: in function `tor_addr_is_v4':
/home/runner/go/pkg/mod/github.com/spicicpein/go-libtor@v1.2.1-0.20260722060237-8ac7fa38eca9/libtor/../windows/tor/src/../src/lib/net/address.c:760:(.text+0x46d): undefined reference to `__imp_ntohl'
/usr/bin/x86_64-w64-mingw32-ld: /tmp/go-link-3624876292/001043.o: in function `tor_addr_to_ipv4h':
/home/runner/go/pkg/mod/github.com/spicicpein/go-libtor@v1.2.1-0.20260722060237-8ac7fa38eca9/libtor/../windows/tor/src/lib/net/address.h:162:(.text+0x585): undefined reference to `__imp_ntohl'
/usr/bin/x86_64-w64-mingw32-ld: /tmp/go-link-3624876292/001043.o: in function `tor_addr_is_internal_':
/home/runner/go/pkg/mod/github.com/spicicpein/go-libtor@v1.2.1-0.20260722060237-8ac7fa38eca9/libtor/../windows/tor/src/../src/lib/net/address.c:276:(.text+0x628): undefined reference to `__imp_ntohl'
/usr/bin/x86_64-w64-mingw32-ld: /home/runner/go/pkg/mod/github.com/spicicpein/go-libtor@v1.2.1-0.20260722060237-8ac7fa38eca9/libtor/../windows/tor/src/../src/lib/net/address.c:282:(.text+0x67d): undefined reference to `__imp_ntohl'
/usr/bin/x86_64-w64-mingw32-ld: /tmp/go-link-3624876292/001043.o:/home/runner/go/pkg/mod/github.com/spicicpein/go-libtor@v1.2.1-0.20260722060237-8ac7fa38eca9/libtor/../windows/tor/src/../src/lib/net/address.c:813: more undefined references to `__imp_ntohl' follow
/usr/bin/x86_64-w64-mingw32-ld: /tmp/go-link-3624876292/001043.o: in function `tor_addr_from_sockaddr':
/home/runner/go/pkg/mod/github.com/spicicpein/go-libtor@v1.2.1-0.20260722060237-8ac7fa38eca9/libtor/../windows/tor/src/../src/lib/net/address.c:184:(.text+0xbeb): undefined reference to `__imp_ntohs'
/usr/bin/x86_64-w64-mingw32-ld: /tmp/go-link-3624876292/001043.o: in function `get_interface_addresses_win32':
/home/runner/go/pkg/mod/github.com/spicicpein/go-libtor@v1.2.1-0.20260722060237-8ac7fa38eca9/libtor/../windows/tor/src/../src/lib/net/address.c:1460:(.text+0xd6c): undefined reference to `GetAdaptersAddresses'
/usr/bin/x86_64-w64-mingw32-ld: /home/runner/go/pkg/mod/github.com/spicicpein/go-libtor@v1.2.1-0.20260722060237-8ac7fa38eca9/libtor/../windows/tor/src/../src/lib/net/address.c:1465:(.text+0xe42): undefined reference to `GetAdaptersAddresses'
/usr/bin/x86_64-w64-mingw32-ld: /tmp/go-link-3624876292/001043.o: in function `tor_addr_to_ipv4h':
/home/runner/go/pkg/mod/github.com/spicicpein/go-libtor@v1.2.1-0.20260722060237-8ac7fa38eca9/libtor/../windows/tor/src/lib/net/address.h:162:(.text+0x169f): undefined reference to `__imp_ntohl'
/usr/bin/x86_64-w64-mingw32-ld: /home/runner/go/pkg/mod/github.com/spicicpein/go-libtor@v1.2.1-0.20260722060237-8ac7fa38eca9/libtor/../windows/tor/src/lib/net/address.h:162:(.text+0x175e): undefined reference to `__imp_ntohl'
/usr/bin/x86_64-w64-mingw32-ld: /home/runner/go/pkg/mod/github.com/spicicpein/go-libtor@v1.2.1-0.20260722060237-8ac7fa38eca9/libtor/../windows/tor/src/lib/net/address.h:162:(.text+0x17cf): undefined reference to `__imp_ntohl'
/usr/bin/x86_64-w64-mingw32-ld: /tmp/go-link-3624876292/001043.o: in function `tor_addr_to_mapped_ipv4h':
/home/runner/go/pkg/mod/github.com/spicicpein/go-libtor@v1.2.1-0.20260722060237-8ac7fa38eca9/libtor/../windows/tor/src/lib/net/address.h:178:(.text+0x18ad): undefined reference to `__imp_ntohl'
/usr/bin/x86_64-w64-mingw32-ld: /home/runner/go/pkg/mod/github.com/spicicpein/go-libtor@v1.2.1-0.20260722060237-8ac7fa38eca9/libtor/../windows/tor/src/lib/net/address.h:178:(.text+0x18bd): undefined reference to `__imp_ntohl'
/usr/bin/x86_64-w64-mingw32-ld: /tmp/go-link-3624876292/001043.o: in function `fmt_addr32':
/home/runner/go/pkg/mod/github.com/spicicpein/go-libtor@v1.2.1-0.20260722060237-8ac7fa38eca9/libtor/../windows/tor/src/../src/lib/net/address.c:1216:(.text+0x1b82): undefined reference to `__imp_htonl'
/usr/bin/x86_64-w64-mingw32-ld: /tmp/go-link-3624876292/001043.o: in function `tor_addr_to_ipv4h':
/home/runner/go/pkg/mod/github.com/spicicpein/go-libtor@v1.2.1-0.20260722060237-8ac7fa38eca9/libtor/../windows/tor/src/lib/net/address.h:162:(.text+0x1e4d): undefined reference to `__imp_ntohl'
/usr/bin/x86_64-w64-mingw32-ld: /tmp/go-link-3624876292/001043.o: in function `get_interface_address6_via_udp_socket_hack':
/home/runner/go/pkg/mod/github.com/spicicpein/go-libtor@v1.2.1-0.20260722060237-8ac7fa38eca9/libtor/../windows/tor/src/../src/lib/net/address.c:1669:(.text+0x1ebf): undefined reference to `__imp_htons'
/usr/bin/x86_64-w64-mingw32-ld: /home/runner/go/pkg/mod/github.com/spicicpein/go-libtor@v1.2.1-0.20260722060237-8ac7fa38eca9/libtor/../windows/tor/src/../src/lib/net/address.c:1673:(.text+0x1ef1): undefined reference to `__imp_htonl'
/usr/bin/x86_64-w64-mingw32-ld: /home/runner/go/pkg/mod/github.com/spicicpein/go-libtor@v1.2.1-0.20260722060237-8ac7fa38eca9/libtor/../windows/tor/src/../src/lib/net/address.c:1661:(.text+0x1ffb): undefined reference to `__imp_htons'
/usr/bin/x86_64-w64-mingw32-ld: /tmp/go-link-3624876292/001043.o: in function `tor_addr_to_ipv4h':
/home/runner/go/pkg/mod/github.com/spicicpein/go-libtor@v1.2.1-0.20260722060237-8ac7fa38eca9/libtor/../windows/tor/src/lib/net/address.h:162:(.text+0x20ad): undefined reference to `__imp_ntohl'
/usr/bin/x86_64-w64-mingw32-ld: /home/runner/go/pkg/mod/github.com/spicicpein/go-libtor@v1.2.1-0.20260722060237-8ac7fa38eca9/libtor/../windows/tor/src/lib/net/address.h:162:(.text+0x2215): undefined reference to `__imp_ntohl'
/usr/bin/x86_64-w64-mingw32-ld: /tmp/go-link-3624876292/001043.o: in function `tor_addr_parse_mask_ports':
/home/runner/go/pkg/mod/github.com/spicicpein/go-libtor@v1.2.1-0.20260722060237-8ac7fa38eca9/libtor/../windows/tor/src/../src/lib/net/address.c:609:(.text+0x2ca5): undefined reference to `__imp_htonl'
/usr/bin/x86_64-w64-mingw32-ld: /home/runner/go/pkg/mod/github.com/spicicpein/go-libtor@v1.2.1-0.20260722060237-8ac7fa38eca9/libtor/../windows/tor/src/../src/lib/net/address.c:668:(.text+0x2ec8): undefined reference to `__imp_ntohl'
/usr/bin/x86_64-w64-mingw32-ld: /tmp/go-link-3624876292/001043.o: in function `tor_dup_ip':
/home/runner/go/pkg/mod/github.com/spicicpein/go-libtor@v1.2.1-0.20260722060237-8ac7fa38eca9/libtor/../windows/tor/src/../src/lib/net/address.c:2053:(.text+0x3380): undefined reference to `__imp_htonl'
/usr/bin/x86_64-w64-mingw32-ld: /tmp/go-link-3624876292/001043.o: in function `tor_addr_to_ipv4h':
/home/runner/go/pkg/mod/github.com/spicicpein/go-libtor@v1.2.1-0.20260722060237-8ac7fa38eca9/libtor/../windows/tor/src/lib/net/address.h:162:(.text+0x3440): undefined reference to `__imp_ntohl'
/usr/bin/x86_64-w64-mingw32-ld: /tmp/go-link-3624876292/001044.o: in function `sock_drain':
/tmp/go-build/windows_tor_src_lib_net_alertsock.cgo2.c:176:(.text+0xa): undefined reference to `__imp_recv'
/usr/bin/x86_64-w64-mingw32-ld: /tmp/go-link-3624876292/001044.o: in function `send_ni':
/tmp/go-build/windows_tor_src_lib_net_alertsock.cgo2.c:76:(.text+0x8b): undefined reference to `__imp_send'
/usr/bin/x86_64-w64-mingw32-ld: /tmp/go-link-3624876292/001045.o: in function `flush_chunk':
/tmp/go-build/windows_tor_src_lib_net_buffers_net.cgo2.c:153:(.text+0x68): undefined reference to `__imp_send'
/usr/bin/x86_64-w64-mingw32-ld: /tmp/go-link-3624876292/001045.o: in function `read_to_chunk':
/home/runner/go/pkg/mod/github.com/spicicpein/go-libtor@v1.2.1-0.20260722060237-8ac7fa38eca9/libtor/../windows/tor/src/../src/lib/net/buffers_net.c:52:(.text+0x385): undefined reference to `__imp_recv'
/usr/bin/x86_64-w64-mingw32-ld: /tmp/go-link-3624876292/001046.o: in function `tor_gethostname':
/tmp/go-build/windows_tor_src_lib_net_gethostname.cgo2.c:29:(.text+0x3): undefined reference to `__imp_gethostname'
/usr/bin/x86_64-w64-mingw32-ld: /tmp/go-link-3624876292/001047.o: in function `tor_inet_aton':
/tmp/go-build/windows_tor_src_lib_net_inaddr.cgo2.c:69:(.text+0x158): undefined reference to `__imp_htonl'
/usr/bin/x86_64-w64-mingw32-ld: /tmp/go-link-3624876292/001047.o: in function `tor_inet_ntoa':
/tmp/go-build/windows_tor_src_lib_net_inaddr.cgo2.c:81:(.text+0x1a0): undefined reference to `__imp_ntohl'
/usr/bin/x86_64-w64-mingw32-ld: /tmp/go-build/windows_tor_src_lib_net_inaddr.cgo2.c:81:(.text+0x434): undefined reference to `__imp_ntohl'
/usr/bin/x86_64-w64-mingw32-ld: /tmp/go-link-3624876292/001048.o: in function `subsys_network_shutdown':
/tmp/go-build/windows_tor_src_lib_net_network_sys.cgo2.c:33:(.text+0x3): undefined reference to `__imp_WSACleanup'
/usr/bin/x86_64-w64-mingw32-ld: /tmp/go-link-3624876292/001049.o: in function `tor_addr_lookup_host_impl':
/tmp/go-build/windows_tor_src_lib_net_resolve.cgo2.c:153:(.text+0x103): undefined reference to `__imp_gethostbyname'
/usr/bin/x86_64-w64-mingw32-ld: /tmp/go-build/windows_tor_src_lib_net_resolve.cgo2.c:155:(.text+0x10c): undefined reference to `__imp_WSAGetLastError'
/usr/bin/x86_64-w64-mingw32-ld: /tmp/go-link-3624876292/001049.o: in function `tor_addr_to_ipv4h':
/home/runner/go/pkg/mod/github.com/spicicpein/go-libtor@v1.2.1-0.20260722060237-8ac7fa38eca9/libtor/../windows/tor/src/lib/net/address.h:162:(.text+0x217): undefined reference to `__imp_ntohl'
/usr/bin/x86_64-w64-mingw32-ld: /tmp/go-link-3624876292/001050.o: in function `network_init':
/tmp/go-build/windows_tor_src_lib_net_socket.cgo2.c:48:(.text+0x13): undefined reference to `__imp_WSAStartup'
/usr/bin/x86_64-w64-mingw32-ld: /tmp/go-link-3624876292/001050.o: in function `tor_connect_socket':
/tmp/go-build/windows_tor_src_lib_net_socket.cgo2.c:253:(.text+0x86): undefined reference to `__imp_connect'
/usr/bin/x86_64-w64-mingw32-ld: /tmp/go-link-3624876292/001050.o: in function `tor_open_socket_with_extensions':
/tmp/go-build/windows_tor_src_lib_net_socket.cgo2.c:298:(.text+0xf0): undefined reference to `__imp_socket'
/usr/bin/x86_64-w64-mingw32-ld: /tmp/go-link-3624876292/001050.o: in function `set_socket_nonblocking':
/tmp/go-build/windows_tor_src_lib_net_socket.cgo2.c:564:(.text+0x157): undefined reference to `__imp_ioctlsocket'
/usr/bin/x86_64-w64-mingw32-ld: /tmp/go-link-3624876292/001050.o: in function `tor_open_socket_with_extensions':
/tmp/go-build/windows_tor_src_lib_net_socket.cgo2.c:278:(.text+0x197): undefined reference to `__imp_WSASetLastError'
/usr/bin/x86_64-w64-mingw32-ld: /tmp/go-link-3624876292/001050.o: in function `tor_accept_socket_with_extensions':
/tmp/go-build/windows_tor_src_lib_net_socket.cgo2.c:408:(.text+0x2e4): undefined reference to `__imp_accept'
/usr/bin/x86_64-w64-mingw32-ld: /tmp/go-link-3624876292/001050.o: in function `set_socket_nonblocking':
/tmp/go-build/windows_tor_src_lib_net_socket.cgo2.c:564:(.text+0x347): undefined reference to `__imp_ioctlsocket'
/usr/bin/x86_64-w64-mingw32-ld: /tmp/go-link-3624876292/001050.o: in function `tor_accept_socket_with_extensions':
/tmp/go-build/windows_tor_src_lib_net_socket.cgo2.c:386:(.text+0x387): undefined reference to `__imp_WSASetLastError'
/usr/bin/x86_64-w64-mingw32-ld: /tmp/go-link-3624876292/001050.o: in function `tor_getsockname':
/tmp/go-build/windows_tor_src_lib_net_socket.cgo2.c:535:(.text+0x4b3): undefined reference to `__imp_getsockname'
/usr/bin/x86_64-w64-mingw32-ld: /tmp/go-build/windows_tor_src_lib_net_socket.cgo2.c:535:(.text+0x4f7): undefined reference to `__imp_getsockname'
/usr/bin/x86_64-w64-mingw32-ld: /tmp/go-link-3624876292/001050.o: in function `set_socket_nonblocking':
/tmp/go-build/windows_tor_src_lib_net_socket.cgo2.c:564:(.text+0x548): undefined reference to `__imp_ioctlsocket'
/usr/bin/x86_64-w64-mingw32-ld: /tmp/go-link-3624876292/001050.o: in function `read_all_from_socket':
/tmp/go-build/windows_tor_src_lib_net_socket.cgo2.c:597:(.text+0x58e): undefined reference to `__imp_recv'
/usr/bin/x86_64-w64-mingw32-ld: /tmp/go-link-3624876292/001050.o: in function `write_all_to_socket':
/tmp/go-build/windows_tor_src_lib_net_socket.cgo2.c:617:(.text+0x62c): undefined reference to `__imp_send'
/usr/bin/x86_64-w64-mingw32-ld: /tmp/go-link-3624876292/001050.o: in function `tor_socket_errno':
/tmp/go-build/windows_tor_src_lib_net_socket.cgo2.c:642:(.text+0x6c2): undefined reference to `__imp_WSAGetLastError'
/usr/bin/x86_64-w64-mingw32-ld: /tmp/go-build/windows_tor_src_lib_net_socket.cgo2.c:644:(.text+0x6ff): undefined reference to `__imp_getsockopt'
/usr/bin/x86_64-w64-mingw32-ld: /tmp/go-link-3624876292/001050.o: in function `tor_close_socket_simple':
/tmp/go-build/windows_tor_src_lib_net_socket.cgo2.c:159:(.text+0x737): undefined reference to `__imp_closesocket'
/usr/bin/x86_64-w64-mingw32-ld: /tmp/go-build/windows_tor_src_lib_net_socket.cgo2.c:159:(.text+0x7e8): undefined reference to `__imp_closesocket'
/usr/bin/x86_64-w64-mingw32-ld: /tmp/go-link-3624876292/001051.o: in function `get_local_listener':
/tmp/go-build/windows_tor_src_lib_net_socketpair.cgo2.c:58:(.text+0x2e): undefined reference to `__imp_socket'
/usr/bin/x86_64-w64-mingw32-ld: /tmp/go-build/windows_tor_src_lib_net_socketpair.cgo2.c:75:(.text+0x60): undefined reference to `__imp_bind'
/usr/bin/x86_64-w64-mingw32-ld: /tmp/go-build/windows_tor_src_lib_net_socketpair.cgo2.c:77:(.text+0x73): undefined reference to `__imp_listen'
/usr/bin/x86_64-w64-mingw32-ld: /tmp/go-build/windows_tor_src_lib_net_socketpair.cgo2.c:82:(.text+0xb5): undefined reference to `__imp_closesocket'
/usr/bin/x86_64-w64-mingw32-ld: /tmp/go-link-3624876292/001051.o: in function `tor_ersatz_socketpair':
/tmp/go-build/windows_tor_src_lib_net_socketpair.cgo2.c:176:(.text+0x151): undefined reference to `__imp_socket'
/usr/bin/x86_64-w64-mingw32-ld: /tmp/go-build/windows_tor_src_lib_net_socketpair.cgo2.c:181:(.text+0x16a): undefined reference to `__imp_getsockname'
/usr/bin/x86_64-w64-mingw32-ld: /tmp/go-build/windows_tor_src_lib_net_socketpair.cgo2.c:216:(.text+0x19d): undefined reference to `__imp_closesocket'
/usr/bin/x86_64-w64-mingw32-ld: /tmp/go-build/windows_tor_src_lib_net_socketpair.cgo2.c:159:(.text+0x1c2): undefined reference to `__imp_WSAGetLastError'
/usr/bin/x86_64-w64-mingw32-ld: /tmp/go-build/windows_tor_src_lib_net_socketpair.cgo2.c:216:(.text+0x1ed): undefined reference to `__imp_closesocket'
/usr/bin/x86_64-w64-mingw32-ld: /tmp/go-build/windows_tor_src_lib_net_socketpair.cgo2.c:216:(.text+0x204): undefined reference to `__imp_closesocket'
/usr/bin/x86_64-w64-mingw32-ld: /tmp/go-build/windows_tor_src_lib_net_socketpair.cgo2.c:185:(.text+0x223): undefined reference to `__imp_connect'
/usr/bin/x86_64-w64-mingw32-ld: /tmp/go-build/windows_tor_src_lib_net_socketpair.cgo2.c:189:(.text+0x23f): undefined reference to `__imp_accept'
/usr/bin/x86_64-w64-mingw32-ld: /tmp/go-build/windows_tor_src_lib_net_socketpair.cgo2.c:216:(.text+0x256): undefined reference to `__imp_closesocket'
/usr/bin/x86_64-w64-mingw32-ld: /tmp/go-build/windows_tor_src_lib_net_socketpair.cgo2.c:201:(.text+0x303): undefined reference to `__imp_closesocket'
/usr/bin/x86_64-w64-mingw32-ld: /tmp/go-build/windows_tor_src_lib_net_socketpair.cgo2.c:216:(.text+0x31d): undefined reference to `__imp_closesocket'
collect2: error: ld returned 1 exit status

