=== full bundle listing ===
bundle-extract/tor/tor.exe
bundle-extract/tor/tor-gencert.exe
bundle-extract/tor/pluggable_transports/lyrebird.exe
bundle-extract/tor/pluggable_transports/README.CONJURE.md
bundle-extract/tor/pluggable_transports/conjure-client.exe
bundle-extract/tor/pluggable_transports/pt_config.json
bundle-extract/docs/lyrebird.txt
bundle-extract/docs/libevent.txt
bundle-extract/docs/openssl.txt
bundle-extract/docs/zlib.txt
bundle-extract/docs/tor.txt
bundle-extract/docs/conjure.txt
bundle-extract/data/geoip
bundle-extract/data/torrc-defaults
bundle-extract/data/geoip6
total 17524
drwxr-xr-x 2 runner runner     4096 Aug 11 03:37 .
drwxr-xr-x 7 runner runner     4096 Aug 11 03:37 ..
-rw-r--r-- 1 runner runner        0 Aug 11 03:37 .gitkeep
-rwx------ 1 runner runner 17934336 Aug 11 03:37 lyrebird.exe
